> Task :app:checkKotlinGradlePluginConfigurationErrors SKIPPED
> Task :app:preBuild UP-TO-DATE
> Task :app:preDebugBuild UP-TO-DATE
> Task :app:generateDebugBuildConfig UP-TO-DATE
> Task :app:checkDebugAarMetadata UP-TO-DATE
> Task :app:generateDebugResValues UP-TO-DATE
> Task :app:mapDebugSourceSetPaths UP-TO-DATE
> Task :app:generateDebugResources UP-TO-DATE
> Task :app:mergeDebugResources UP-TO-DATE
> Task :app:packageDebugResources UP-TO-DATE
> Task :app:parseDebugLocalResources UP-TO-DATE
> Task :app:createDebugCompatibleScreenManifests UP-TO-DATE
> Task :app:extractDeepLinksDebug UP-TO-DATE
> Task :app:processDebugMainManifest UP-TO-DATE
> Task :app:processDebugManifest UP-TO-DATE
> Task :app:processDebugManifestForPackage UP-TO-DATE
> Task :app:processDebugResources UP-TO-DATE
> Task :app:compileDebugKotlin UP-TO-DATE
> Task :app:javaPreCompileDebug UP-TO-DATE
> Task :app:compileDebugJavaWithJavac UP-TO-DATE
> Task :app:bundleDebugClassesToRuntimeJar UP-TO-DATE
> Task :app:bundleDebugClassesToCompileJar UP-TO-DATE
> Task :app:compileDebugUnitTestKotlin UP-TO-DATE
> Task :app:preDebugUnitTestBuild UP-TO-DATE
> Task :app:javaPreCompileDebugUnitTest UP-TO-DATE
> Task :app:compileDebugUnitTestJavaWithJavac NO-SOURCE
> Task :app:processDebugJavaRes UP-TO-DATE
> Task :app:processDebugUnitTestJavaRes UP-TO-DATE
> Task :app:testDebugUnitTest UP-TO-DATE
> Task :app:preDebugAndroidTestBuild SKIPPED
> Task :app:generateDebugAndroidTestResValues UP-TO-DATE
> Task :app:generateDebugAndroidTestLintModel UP-TO-DATE
> Task :app:extractProguardFiles UP-TO-DATE
> Task :app:generateDebugLintReportModel UP-TO-DATE
> Task :app:generateDebugUnitTestLintModel UP-TO-DATE
> Task :app:lintAnalyzeDebug UP-TO-DATE
> Task :app:lintAnalyzeDebugAndroidTest UP-TO-DATE
> Task :app:lintAnalyzeDebugUnitTest UP-TO-DATE
> Task :app:lintReportDebug UP-TO-DATE
> Task :app:lintDebug
> Task :app:processDebugAndroidTestManifest UP-TO-DATE
> Task :app:generateDebugAndroidTestBuildConfig UP-TO-DATE
> Task :app:checkDebugAndroidTestAarMetadata UP-TO-DATE
> Task :app:mapDebugAndroidTestSourceSetPaths UP-TO-DATE
> Task :app:generateDebugAndroidTestResources UP-TO-DATE
> Task :app:mergeDebugAndroidTestResources UP-TO-DATE
> Task :app:processDebugAndroidTestResources UP-TO-DATE
> Task :app:compileDebugAndroidTestKotlin UP-TO-DATE
> Task :app:javaPreCompileDebugAndroidTest UP-TO-DATE
> Task :app:compileDebugAndroidTestJavaWithJavac UP-TO-DATE
> Task :app:mergeDebugAndroidTestShaders UP-TO-DATE
> Task :app:compileDebugAndroidTestShaders NO-SOURCE
> Task :app:generateDebugAndroidTestAssets UP-TO-DATE
> Task :app:mergeDebugAndroidTestAssets UP-TO-DATE
> Task :app:compressDebugAndroidTestAssets UP-TO-DATE
> Task :app:desugarDebugAndroidTestFileDependencies UP-TO-DATE
> Task :app:dexBuilderDebugAndroidTest UP-TO-DATE
> Task :app:mergeDebugAndroidTestGlobalSynthetics UP-TO-DATE
> Task :app:processDebugAndroidTestJavaRes UP-TO-DATE
> Task :app:mergeDebugAndroidTestJavaResource UP-TO-DATE
> Task :app:checkDebugAndroidTestDuplicateClasses UP-TO-DATE
> Task :app:mergeExtDexDebugAndroidTest UP-TO-DATE
> Task :app:mergeLibDexDebugAndroidTest UP-TO-DATE
> Task :app:mergeProjectDexDebugAndroidTest UP-TO-DATE
> Task :app:mergeDebugAndroidTestJniLibFolders UP-TO-DATE
> Task :app:mergeDebugJniLibFolders UP-TO-DATE
> Task :app:mergeDebugNativeLibs UP-TO-DATE
> Task :app:mergeDebugAndroidTestNativeLibs NO-SOURCE
> Task :app:stripDebugAndroidTestDebugSymbols NO-SOURCE
> Task :app:validateSigningDebugAndroidTest UP-TO-DATE
> Task :app:writeDebugAndroidTestSigningConfigVersions UP-TO-DATE
> Task :app:packageDebugAndroidTest UP-TO-DATE
> Task :app:createDebugAndroidTestApkListingFileRedirect UP-TO-DATE
> Task :app:assembleDebugAndroidTest UP-TO-DATE
> Task :app:prePreviewReleaseBuild UP-TO-DATE
> Task :app:mergePreviewReleaseJniLibFolders UP-TO-DATE
> Task :app:mergePreviewReleaseNativeLibs UP-TO-DATE
> Task :app:stripPreviewReleaseDebugSymbols UP-TO-DATE
> Task :app:extractPreviewReleaseNativeSymbolTables UP-TO-DATE
> Task :app:mergePreviewReleaseNativeDebugMetadata NO-SOURCE
> Task :app:buildKotlinToolingMetadata UP-TO-DATE
> Task :app:checkPreviewReleaseDuplicateClasses UP-TO-DATE
> Task :app:generatePreviewReleaseBuildConfig UP-TO-DATE
> Task :app:checkPreviewReleaseAarMetadata UP-TO-DATE
> Task :app:generatePreviewReleaseResValues UP-TO-DATE
> Task :app:mapPreviewReleaseSourceSetPaths UP-TO-DATE
> Task :app:generatePreviewReleaseResources UP-TO-DATE
> Task :app:mergePreviewReleaseResources UP-TO-DATE
> Task :app:packagePreviewReleaseResources UP-TO-DATE
> Task :app:parsePreviewReleaseLocalResources UP-TO-DATE
> Task :app:createPreviewReleaseCompatibleScreenManifests UP-TO-DATE
> Task :app:extractDeepLinksPreviewRelease UP-TO-DATE
> Task :app:processPreviewReleaseMainManifest UP-TO-DATE
> Task :app:processPreviewReleaseManifest UP-TO-DATE
> Task :app:processPreviewReleaseManifestForPackage UP-TO-DATE
> Task :app:processPreviewReleaseResources UP-TO-DATE
> Task :app:compilePreviewReleaseKotlin UP-TO-DATE
> Task :app:javaPreCompilePreviewRelease UP-TO-DATE
> Task :app:compilePreviewReleaseJavaWithJavac UP-TO-DATE
> Task :app:mergePreviewReleaseArtProfile UP-TO-DATE
> Task :app:expandPreviewReleaseArtProfileWildcards UP-TO-DATE
> Task :app:mergePreviewReleaseGeneratedProguardFiles UP-TO-DATE
> Task :app:processPreviewReleaseJavaRes UP-TO-DATE
> Task :app:mergePreviewReleaseJavaResource UP-TO-DATE
> Task :app:mergePreviewReleaseStartupProfile UP-TO-DATE
> Task :app:minifyPreviewReleaseWithR8 UP-TO-DATE
> Task :app:compilePreviewReleaseArtProfile UP-TO-DATE
> Task :app:mergePreviewReleaseShaders UP-TO-DATE
> Task :app:compilePreviewReleaseShaders NO-SOURCE
> Task :app:generatePreviewReleaseAssets UP-TO-DATE
> Task :app:mergePreviewReleaseAssets UP-TO-DATE
> Task :app:compressPreviewReleaseAssets UP-TO-DATE
> Task :app:extractPreviewReleaseVersionControlInfo UP-TO-DATE
> Task :app:generatePreviewReleaseLintVitalReportModel UP-TO-DATE
> Task :app:lintVitalAnalyzePreviewRelease UP-TO-DATE
> Task :app:lintVitalReportPreviewRelease UP-TO-DATE
> Task :app:lintVitalPreviewRelease
> Task :app:convertShrunkResourcesToBinaryPreviewRelease UP-TO-DATE
> Task :app:optimizePreviewReleaseResources UP-TO-DATE
> Task :app:collectPreviewReleaseDependencies UP-TO-DATE
> Task :app:sdkPreviewReleaseDependencyData UP-TO-DATE
> Task :app:validateSigningPreviewRelease UP-TO-DATE
> Task :app:writePreviewReleaseAppMetadata UP-TO-DATE
> Task :app:writePreviewReleaseSigningConfigVersions UP-TO-DATE
> Task :app:packagePreviewRelease UP-TO-DATE
> Task :app:createPreviewReleaseApkListingFileRedirect UP-TO-DATE
> Task :app:assemblePreviewRelease UP-TO-DATE
> Task :app:mergeDebugShaders UP-TO-DATE
> Task :app:compileDebugShaders NO-SOURCE
> Task :app:generateDebugAssets UP-TO-DATE
> Task :app:mergeDebugAssets UP-TO-DATE
> Task :app:compressDebugAssets UP-TO-DATE
> Task :app:desugarDebugFileDependencies UP-TO-DATE
> Task :app:dexBuilderDebug UP-TO-DATE
> Task :app:mergeDebugGlobalSynthetics UP-TO-DATE
> Task :app:mergeDebugJavaResource UP-TO-DATE
> Task :app:checkDebugDuplicateClasses UP-TO-DATE
> Task :app:mergeExtDexDebug UP-TO-DATE
> Task :app:mergeLibDexDebug UP-TO-DATE
> Task :app:mergeProjectDexDebug UP-TO-DATE
> Task :app:stripDebugDebugSymbols UP-TO-DATE
> Task :app:validateSigningDebug UP-TO-DATE
> Task :app:writeDebugAppMetadata UP-TO-DATE
> Task :app:writeDebugSigningConfigVersions UP-TO-DATE
> Task :app:packageDebug UP-TO-DATE
> Task :app:createDebugApkListingFileRedirect UP-TO-DATE

> Task :app:connectedDebugAndroidTest
Starting 13 tests on NewChangliuTest(AVD) - 15

NewChangliuTest(AVD) - 15 Tests 12/13 completed. (0 skipped) (0 failed)
Finished 13 tests on NewChangliuTest(AVD) - 15

BUILD SUCCESSFUL in 38s
129 actionable tasks: 3 executed, 126 up-to-date
